// Jest Snapshot v1, https://goo.gl/fbAQLP

exports[`factory generate boom error on bad repsonse [DEV_EXPOSE_AXIOS_ERRORS enabled] 1`] = `[Error: Request failed with status code 404]`;

exports[`factory generate boom error on bad repsonse 1`] = `[Error: Request failed with status code 404]`;
